[kavaghana.com/index.html]
[backblue.gif]
[fade.gif]
[index.html]
[kavaghana.com/assets/images/svgs/kava-brand-el.svg]
[kavaghana.com/assets/css/all97b5.css]
[kavaghana.com/apple-touch-icon.png]
[kavaghana.com/favicon-32x32.png]
[kavaghana.com/favicon-16x16.png]
[kavaghana.com/site.html]
[kavaghana.com/safari-pinned-tab.svg]
[pagead2.googlesyndication.com/pagead/js/f.txt]
[kavaghana.com/portfolio.html]
[kavaghana.com/services.html]
[kavaghana.com/about.html]
[kavaghana.com/contact.html]
[kavaghana.com/case-studies.html]
[kavaghana.com/before-and-after.html]
[kavaghana.com/website-design.html]
[kavaghana.com/branding.html]
[kavaghana.com/ecommerce-website-design.html]
[kavaghana.com/digital-marketing.html]
[kavaghana.com/clients/companies-served.html]
[kavaghana.com/clients/industries-served.html]
[kavaghana.com/testimonials.html]
[kavaghana.com/blog.html]
[kavaghana.com/blog/category/insights.html]
[kavaghana.com/blog/category/news.html]
[kavaghana.com/blog/category/resources.html]
[kavaghana.com/case-study/vodacom-ghana-website.html]
[kavaghana.com/case-study/nadrey-laurent-ecommerce.html]
[kavaghana.com/case-study/heypher-website.html]
[kavaghana.com/case-study/ted-website.html]
[kavaghana.com/case-study/sgmc-website.html]
[kavaghana.com/uploads/sliders/ghana-website-design-company-business-website-min.png]
[kavaghana.com/uploads/sliders/slide-nl.png]
[kavaghana.com/portfolio/airteltigo-website.html]
[kavaghana.com/uploads/sliders/website-design-companies-in-ghana.png]
[kavaghana.com/portfolio/bayswater-petroleum.html]
[kavaghana.com/portfolio/ui-bank-atm-screen-designs.html]
[kavaghana.com/portfolio/allied-ghana-website-design.html]
[kavaghana.com/portfolio/purple-solutions-website-redesign.html]
[kavaghana.com/uploads/sliders/ghana-website-design-companies.png]
[kavaghana.com/portfolio/responsive-web-design-construction-company.html]
[kavaghana.com/portfolio/beige-capital-website.html]
[kavaghana.com/portfolio/tt-brand-website.html]
[kavaghana.com/portfolio/manna-mission-website-design.html]
[kavaghana.com/portfolio/ag-website-redesign.html]
[kavaghana.com/medical-healthcare-website-design.html]
[kavaghana.com/uploads/svgs/sprite.client-logos.svg]
[kavaghana.com/beauty-fashion-website-design.html]
[kavaghana.com/projects-and-logistics-website-design.html]
[kavaghana.com/oil-and-gas-website-design.html]
[kavaghana.com/banking-and-finance-website-design]
[kavaghana.com/telecommunications-website-design.html]
[kavaghana.com/insurance-website-design.html]
[kavaghana.com/church-website-design.html]
[kavaghana.com/uploads/svgs/sprite.industries.icons.svg]
[kavaghana.com/uploads/blog/2018/thumbs/kava-rebrand-min.jpg]
[kavaghana.com/uploads/sliders/slide-ted3.png]
[kavaghana.com/uploads/sliders/best-web-design-company-ghana.png]
[kavaghana.com/uploads/blog/2018/thumbs/webdesign-companies-ghana-theft-min.jpg]
[kavaghana.com/uploads/blog/2018/thumbs/cost-of-webdesign-min.jpg]
[kavaghana.com/blog/best-website-designer-in-ghana.html]
[kavaghana.com/uploads/images/bg-kava-about-2-min.jpg]
[kavaghana.com/uploads/svgs/sprite.facts.icons.svg]
[ajax.googleapis.com/ajax/libs/jquery/3.3.1/jquery.min.js]
[kavaghana.com/assets/js/critical4122.js]
[www.google.com/recaptcha/apid151.js]
[kavaghana.com/index.html]
[kavaghana.com/assets/images/svgs/kava-brand-el.svg]
[kavaghana.com/assets/js/common261f.js]
[kavaghana.com/assets/fonts/proximanova/extrabold/proximanova-extrabold-webfont.woff]
[kavaghana.com/assets/fonts/proximanova/bold/proximanova-bold-webfont.woff]
[kavaghana.com/assets/fonts/proximanova/semibold/proximanova-semibold-webfont.woff]
[kavaghana.com/assets/fonts/proximanova/regular/proximanova-regular-webfont.woff]
[kavaghana.com/assets/images/svgs/ui/icon-k-next.svg]
[kavaghana.com/uploads/images/icons-bg.png]
[kavaghana.com/assets/images/svgs/ui/icon-k-prev.svg]
[kavaghana.com/uploads/svgs/ui/accept.svg]
[kavaghana.com/assets/images/svgs/bg-brand-ele-hor.svg]
[kavaghana.com/assets/images/svgs/kava-logo-f.svg]
[kavaghana.com/assets/images/svgs/ui/bg-k-icons.svg]
[kavaghana.com/uploads/svgs/quote.svg]
[kavaghana.com/assets/images/svgs/bg-brand-ele.svg]
[kavaghana.com/assets/images/bg_about-min.png]
[kavaghana.com/assets/images/svgs/bg-team-2.svg]
[kavaghana.com/assets/images/svgs/bg-team.svg]
[kavaghana.com/assets/images/map-bg-min.png]
[kavaghana.com/assets/images/map-gray-min.png]
[kavaghana.com/assets/css/all97b5.css]
[kavaghana.com/site.html]
[kavaghana.com/safari-pinned-tab.svg]
[kavaghana.com/uploads/svgs/ui/icon-k-next.svg]
[kavaghana.com/portfolio/logo-and-stationary-designs.html]
[kavaghana.com/uploads/portfolio/thumbnails/airteltigo-thumbnail-min.jpg]
[kavaghana.com/uploads/portfolio/thumbnails/bayswater-thumbnail.jpg]
[kavaghana.com/uploads/page-banners/portfolio-bg-min.jpg]
[kavaghana.com/uploads/portfolio/thumbnails/corporate-design-thumbnail.jpg]
[kavaghana.com/uploads/portfolio/thumbnails/allied-ghana-thumbnail.jpg]
[kavaghana.com/uploads/portfolio/thumbnails/ui-bank-atms-screens-designs-min.jpg]
[kavaghana.com/uploads/portfolio/thumbnails/purple-solutions-thumbnail.jpg]
[kavaghana.com/uploads/portfolio/thumbnails/ttshea-thumbnail.jpg]
[kavaghana.com/uploads/portfolio/thumbnails/agro-thumbnail.jpg]
[kavaghana.com/portfolio/corporate-website-for-independent-trustee.html]
[kavaghana.com/uploads/portfolio/thumbnails/manna-thumbnail.jpg]
[kavaghana.com/uploads/portfolio/thumbnails/beige-thumbnail.jpg]
[kavaghana.com/uploads/portfolio/thumbnails/desimone-ghana-thumbnail.jpg]
[kavaghana.com/portfolio/ministry-website-design.html]
[kavaghana.com/uploads/portfolio/thumbnails/petra-trust-thumbnail.jpg]
[kavaghana.com/uploads/portfolio/thumbnails/icgc-tucson-thumbnail.jpg]
[kavaghana.com/portfolio/e-commerce-website-for-totally-ethnik-a-famous-fashion-company-in-ghana.html]
[kavaghana.com/uploads/portfolio/thumbnails/te-min.jpg]
[kavaghana.com/portfolio/alliance-motors-ghana-website-development.html]
[kavaghana.com/uploads/portfolio/thumbnails/alliance-motors-thumbnail-min.jpg]
[kavaghana.com/portfolio/dba-oil-and-gas-services-provider-website.html]
[kavaghana.com/uploads/portfolio/thumbnails/dbogs-min.jpg]
[kavaghana.com/portfolio/ministry-branding-for-a-startup-church.html]
[kavaghana.com/uploads/portfolio/thumbnails/disciples-pentecostal-church.jpg]
[kavaghana.com/portfolio/website-for-an-sme.html]
[kavaghana.com/uploads/portfolio/thumbnails/krystal-klean-thumbnail-min.jpg]
[kavaghana.com/portfolio/corporate-website-for-an-it-firm.html]
[kavaghana.com/portfolio/identity-design-for-a-clothing-startup.html]
[kavaghana.com/uploads/portfolio/thumbnails/ostec-min.jpg]
[kavaghana.com/uploads/portfolio/thumbnails/sarfora-min.jpg]
[kavaghana.com/portfolio/ultraneth-website-design.html]
[kavaghana.com/uploads/portfolio/thumbnails/ultranet-thumbnail-min.jpg]
[kavaghana.com/portfolio/yafking-website-design.html]
[kavaghana.com/portfolio/cua-ghana-website-design.html]
[kavaghana.com/uploads/portfolio/thumbnails/yafking-thumbnail.jpg]
[kavaghana.com/portfolio.html]
[kavaghana.com/uploads/portfolio/thumbnails/cuagh-thumbnail.jpg]
[kavaghana.com/uploads/services/thumbs/website-design-development-min.jpg]
[kavaghana.com/uploads/services/thumbs/branding-graphic-design-services-min.jpg]
[kavaghana.com/uploads/services/thumbs/ecommerce-solutions-min.jpg]
[kavaghana.com/uploads/services/thumbs/digital-marketing-services-min.jpg]
[kavaghana.com/uploads/case-studies/thumbnails/vodacom-ghana-website-thumb-min.jpg]
[kavaghana.com/uploads/case-studies/thumbnails/nadrey-ecommerce-thumb-min.jpg]
[kavaghana.com/uploads/case-studies/thumbnails/heypher-website-thumb-min.jpg]
[kavaghana.com/services.html]
[kavaghana.com/about.html]
[kavaghana.com/contact.html]
[kavaghana.com/uploads/case-studies/thumbnails/sgmc-website-thumb-min.jpg]
[kavaghana.com/uploads/case-studies/thumbnails/ted-website-thumb-min.jpg]
[kavaghana.com/uploads/team/lily-director-administration.png]
[kavaghana.com/work-with-us]
[kavaghana.com/case-studies.html]
[kavaghana.com/uploads/page-banners/case-studies-bg-min.jpg]
[kavaghana.com/uploads/page-banners/before-after-redesign-bg-min.jpg]
[kavaghana.com/uploads/ba/before/donewell-life-before-website-redesign-min.jpg]
[kavaghana.com/uploads/ba/before/heypher-before-website-redesign-min.jpg]
[kavaghana.com/uploads/ba/after/donewell-life-after-website-redesign-min.jpg]
[kavaghana.com/uploads/ba/after/heypher-after-website-redesign-min.jpg]
[kavaghana.com/uploads/ba/before/allied-ghana-before-website-redesign-min.jpg]
[kavaghana.com/uploads/ba/after/allied-ghana-after-website-redesign-min.jpg]
[kavaghana.com/uploads/ba/after/cua-ghana-after-website-redesign-min.jpg]
[kavaghana.com/uploads/ba/before/cua-ghana-before-website-redesign-min.jpg]
[kavaghana.com/uploads/ba/before/sgmc-ghana-before-website-redesign-min.jpg]
[kavaghana.com/uploads/ba/after/desimone-ghana-after-website-redesign-min.jpg]
[kavaghana.com/uploads/ba/after/sgmc-ghana-after-website-redesign-min.jpg]
[kavaghana.com/uploads/ba/before/desimone-ghana-before-website-redesign-min.jpg]
[kavaghana.com/uploads/ba/after/beige-asset-after-website-redesign-min.jpg]
[kavaghana.com/uploads/ba/before/agro-mechanical-before-website-redesign-min.jpg]
[kavaghana.com/uploads/ba/before/beige-asset-before-website-redesign-min.jpg]
[kavaghana.com/uploads/ba/after/agro-mechanical-after-website-redesign-min.jpg]
[kavaghana.com/uploads/ba/before/manna-mission-before-website-redesign-min.jpg]
[kavaghana.com/before-and-after.html]
[kavaghana.com/website-design.html]
[kavaghana.com/branding.html]
[kavaghana.com/ecommerce-website-design.html]
[kavaghana.com/uploads/ba/after/ultranetgh-after-website-redesign-min.jpg]
[kavaghana.com/digital-marketing.html]
[kavaghana.com/clients/companies-served.html]
[kavaghana.com/uploads/page-banners/ecommerce-banner-min.jpg]
[kavaghana.com/uploads/page-banners/digital-marketing-banner-min.jpg]
[kavaghana.com/uploads/ba/after/manna-mission-after-website-redesign-min.jpg]
[kavaghana.com/construction-website-design.html]
[kavaghana.com/consultancy-website-design.html]
[kavaghana.com/distribution-website-design.html]
[kavaghana.com/banking-finance-website-design.html]
[kavaghana.com/mining-website-design.html]
[kavaghana.com/non-profit-organization-website-design.html]
[kavaghana.com/technology-services-website-design.html]
[kavaghana.com/agriculture-website-design.html]
[kavaghana.com/professional-services-website-design.html]
[kavaghana.com/clients/industries-served.html]
[kavaghana.com/testimonials.html]
[kavaghana.com/government-website-design.html]
[kavaghana.com/blog/google-makes-mobile-search-experience-a-priority.html]
[kavaghana.com/blog/business-website-company.html]
[kavaghana.com/blog/top-website-design-sites-in-ghana.html]
[kavaghana.com/blog/kava-is-proud-to-announce-its-new-website-design-launch.html]
[kavaghana.com/blog/ghana-website-security.html]
[kavaghana.com/blog.html]
[kavaghana.com/blog/category/insights.html]
[kavaghana.com/blog/category/news.html]
[kavaghana.com/blog/category/resources.html]
[kavaghana.com/blog/user-friendly-urls-and-serp.html]
[kavaghana.com/uploads/case-studies/screens/vodacom/vodacom-website-2-min.jpg]
[kavaghana.com/case-study/vodacom-ghana-website.html]
[kavaghana.com/uploads/sliders/slide-vodacom-business-website-min.png]
[kavaghana.com/uploads/case-studies/cover/vodacom-bg-cover-min.jpg]
[kavaghana.com/uploads/case-studies/screens/vodacom/vodacom-website-3-min.jpg]
[kavaghana.com/case-study/nadrey-laurent-ecommerce.html]
[kavaghana.com/uploads/case-studies/cover/nl-bg-cover-min.jpg]
[kavaghana.com/uploads/case-studies/cover/heypher-bg-cover-min.jpg]
[kavaghana.com/uploads/case-studies/screens/nl/nl-ecommerce-2-min.jpg]
[kavaghana.com/uploads/case-studies/screens/nl/nl-ecommerce-1-min.jpg]
[kavaghana.com/uploads/sliders/slide-heypher.png]
[kavaghana.com/uploads/case-studies/screens/heypher/heypher-website-2-min.jpg]
[kavaghana.com/uploads/case-studies/screens/heypher/heypher-website-3-min.jpg]
[kavaghana.com/case-study/heypher-website.html]
[kavaghana.com/uploads/case-studies/screens/heypher/heypher-website-1-min.jpg]
[kavaghana.com/uploads/case-studies/screens/heypher/heypher-website-4-min.jpg]
[kavaghana.com/uploads/case-studies/cover/ted-bg-cover-min.jpg]
[kavaghana.com/uploads/case-studies/screens/ted/ted-logistics-website-0-min.jpg]
[kavaghana.com/uploads/case-studies/screens/ted/ted-logistics-branding-min.jpg]
[kavaghana.com/uploads/case-studies/screens/ted/ted-logistics-website-1-min.jpg]
[kavaghana.com/case-study/ted-website.html]
[kavaghana.com/uploads/case-studies/screens/ted/ted-logistics-website-2-min.jpg]
[kavaghana.com/uploads/case-studies/cover/sgmc-bg-cover-min.jpg]
[kavaghana.com/uploads/case-studies/screens/ted/ted-logistics-website-4-min.jpg]
[kavaghana.com/uploads/case-studies/screens/ted/ted-logistics-website-3-min.jpg]
[kavaghana.com/case-study/sgmc-website.html]
[kavaghana.com/uploads/sliders/slide-sgmc2-min.png]
[kavaghana.com/uploads/case-studies/screens/sgmc/sweden-ghana-medical-website-gallery-1-min.jpg]
[kavaghana.com/uploads/case-studies/screens/sgmc/sweden-ghana-medical-website-gallery-2-min.jpg]
[kavaghana.com/uploads/case-studies/screens/sgmc/sweden-ghana-medical-website-gallery-3-min.jpg]
[kavaghana.com/uploads/portfolio/cover/bg-airteltigo-cover-min.jpg]
[kavaghana.com/uploads/portfolio/cover/airteltigo-cover-min.png]
[kavaghana.com/uploads/portfolio/galleries/airteltigo/airteltigo-gallery-1.jpg]
[kavaghana.com/uploads/portfolio/galleries/airteltigo/airteltigo-gallery-2.jpg]
[kavaghana.com/portfolio/airteltigo-website.html]
[kavaghana.com/uploads/portfolio/galleries/airteltigo/airteltigo-gallery-3.jpg]
[kavaghana.com/uploads/portfolio/cover/bg-bayswater-cover-min.jpg]
[kavaghana.com/uploads/portfolio/cover/bayswater-website-cover-min.png]
[kavaghana.com/uploads/portfolio/galleries/bayswater/bayswater-gallery-1.jpg]
[kavaghana.com/portfolio/bayswater-petroleum.html]
[kavaghana.com/uploads/portfolio/galleries/bayswater/bayswater-gallery-2.jpg]
[kavaghana.com/uploads/portfolio/galleries/atms/nib-ghana-atm-screen-design.jpg]
[kavaghana.com/portfolio/ui-bank-atm-screen-designs.html]
[kavaghana.com/uploads/portfolio/galleries/atms/trb-ghana-atm-screen-design.jpg]
[kavaghana.com/uploads/portfolio/cover/bg-allied-cover-min.jpg]
[kavaghana.com/uploads/portfolio/cover/allied-website-cover-min.png]
[kavaghana.com/uploads/galleries/allied/allied-ghana-gallery-1.jpg]
[kavaghana.com/uploads/galleries/allied/allied-ghana-gallery-2.jpg]
[kavaghana.com/uploads/galleries/allied/allied-ghana-gallery-3.jpg]
[kavaghana.com/portfolio/allied-ghana-website-design.html]
[kavaghana.com/uploads/galleries/allied/allied-ghana-gallery-4.jpg]
[kavaghana.com/uploads/portfolio/cover/bg-purple-cover-min.jpg]
[kavaghana.com/uploads/portfolio/cover/purple-website-cover-min.png]
[kavaghana.com/uploads/portfolio/galleries/purple/purple-website-1.jpg]
[kavaghana.com/portfolio/purple-solutions-website-redesign.html]
[kavaghana.com/uploads/portfolio/galleries/purple/purple-website-2.jpg]
[kavaghana.com/uploads/portfolio/cover/bg-desimone-cover-min.jpg]
[kavaghana.com/uploads/portfolio/cover/desimone-website-cover-min.png]
[kavaghana.com/portfolio/responsive-web-design-construction-company.html]
[kavaghana.com/uploads/portfolio/cover/bg-beige-cover-min.jpg]
[kavaghana.com/uploads/portfolio/galleries/desimone/desimone-gallery-3.jpg]
[kavaghana.com/uploads/portfolio/galleries/desimone/desimone-gallery-1.jpg]
[kavaghana.com/portfolio/beige-capital-website.html]
[kavaghana.com/uploads/portfolio/cover/beige-website-cover-min.png]
[kavaghana.com/uploads/portfolio/galleries/beige/beigecapitalassetmgt-gallery-1.jpg]
[kavaghana.com/uploads/portfolio/cover/bg-tt-cover-min.jpg]
[kavaghana.com/portfolio/tt-brand-website.html]
[kavaghana.com/uploads/portfolio/galleries/ttshea/ttshea-gallery-1.jpg]
[kavaghana.com/uploads/portfolio/galleries/ttshea/ttshea-gallery-2.jpg]
[kavaghana.com/uploads/portfolio/cover/bg-manna-cover-min.jpg]
[kavaghana.com/uploads/portfolio/cover/tt-website-cover-min.png]
[kavaghana.com/uploads/portfolio/cover/manna-website-cover-min.png]
[kavaghana.com/portfolio/manna-mission-website-design.html]
[kavaghana.com/uploads/portfolio/cover/bg-agro-cover-min.jpg]
[kavaghana.com/uploads/portfolio/galleries/manna/mannaminc-gallery-1.jpg]
[kavaghana.com/uploads/portfolio/galleries/manna/mannaminc-gallery-2.jpg]
[kavaghana.com/uploads/portfolio/galleries/agro/agromechanical-gallery-2.jpg]
[kavaghana.com/uploads/portfolio/cover/agro-website-cover-min.png]
[kavaghana.com/portfolio/ag-website-redesign.html]
[kavaghana.com/uploads/svgs/sprite.client-logos.svg]
[kavaghana.com/uploads/portfolio/galleries/agro/agromechanical-gallery-3.jpg]
[kavaghana.com/uploads/portfolio/galleries/agro/agromechanical-gallery-1.jpg]
[kavaghana.com/uploads/portfolio/galleries/agro/agromechanical-gallery-4.jpg]
[kavaghana.com/medical-healthcare-website-design.html]
[kavaghana.com/uploads/industries/details/medical-health-industry-website-min.png]
[kavaghana.com/beauty-fashion-website-design.html]
[kavaghana.com/uploads/industries/details/fashion-beauty-industry-website-min.png]
[kavaghana.com/projects-and-logistics-website-design.html]
[kavaghana.com/uploads/industries/details/logistics-industry-website-min.png]
[kavaghana.com/oil-and-gas-website-design.html]
[kavaghana.com/banking-and-finance-website-design.html]
[kavaghana.com/uploads/industries/details/oil-gas-website-min.png]
[kavaghana.com/telecommunications-website-design.html]
[kavaghana.com/uploads/industries/details/telecommunications-industry-website.png]
[kavaghana.com/insurance-website-design.html]
[kavaghana.com/uploads/industries/details/insurance-website-min.png]
[kavaghana.com/church-website-design.html]
[kavaghana.com/uploads/svgs/sprite.industries.icons.svg]
[kavaghana.com/uploads/industries/details/church-website-min.png]
[kavaghana.com/blog/best-website-designer-in-ghana.html]
[kavaghana.com/uploads/svgs/sprite.facts.icons.svg]
[kavaghana.com/assets/images/svgs/ui/icon-k-next.svg]
[kavaghana.com/assets/images/svgs/ui/icon-k-prev.svg]
[kavaghana.com/uploads/svgs/ui/accept.svg]
[kavaghana.com/assets/images/svgs/bg-brand-ele-hor.svg]
[kavaghana.com/assets/images/svgs/kava-logo-f.svg]
[kavaghana.com/assets/images/svgs/ui/bg-k-icons.svg]
[kavaghana.com/uploads/svgs/quote.svg]
[kavaghana.com/assets/images/svgs/bg-brand-ele.svg]
[kavaghana.com/assets/images/svgs/bg-team-2.svg]
[kavaghana.com/assets/images/svgs/bg-team.svg]
[kavaghana.com/blog/website-design-companies-in-ghana]
[kavaghana.com/blog/the-kava-rebrand-story]
[kavaghana.com/blog/cost-of-website-design-in-ghana-updated-2019]
[kavaghana.com/uploads/svgs/ui/icon-k-next.svg]
[kavaghana.com/uploads/svgs/ui/icon-k-prev.svg]
[kavaghana.com/uploads/portfolio/cover/ted-logistics-branding-cover-min.png]
[kavaghana.com/portfolio/logo-and-stationary-designs.html]
[kavaghana.com/uploads/portfolio/cover/bg-petra-cover-min.jpg]
[kavaghana.com/uploads/portfolio/galleries/ted/ted-logistics-branding-min.jpg]
[kavaghana.com/uploads/portfolio/cover/petra-website-cover-min.png]
[kavaghana.com/uploads/portfolio/galleries/petra/petra-gallery-1.jpg]
[kavaghana.com/portfolio/corporate-website-for-independent-trustee.html]
[kavaghana.com/uploads/portfolio/galleries/petra/petra-gallery-2.jpg]
[kavaghana.com/uploads/portfolio/galleries/petra/petra-gallery-3.jpg]
[kavaghana.com/uploads/portfolio/cover/icgc-arizona-website-cover-bg.jpg]
[kavaghana.com/uploads/portfolio/cover/icgc-arizona-website-cover-min.png]
[kavaghana.com/uploads/portfolio/galleries/impacticgc/impact-chapel-gallery-2.jpg]
[kavaghana.com/portfolio/ministry-website-design.html]
[kavaghana.com/uploads/portfolio/galleries/impacticgc/impact-chapel-gallery-1.jpg]
[kavaghana.com/uploads/portfolio/galleries/impacticgc/impact-chapel-gallery-3.jpg]
[kavaghana.com/uploads/portfolio/cover/totally-ethnik-work-cover.png]
[kavaghana.com/uploads/portfolio/galleries/te/totally-ethnik-ghana-gallery-1.jpg]
[kavaghana.com/portfolio/e-commerce-website-for-totally-ethnik-a-famous-fashion-company-in-ghana.html]
[kavaghana.com/uploads/portfolio/galleries/te/totally-ethnik-ghana-gallery-2.jpg]
[kavaghana.com/uploads/portfolio/galleries/te/totally-ethnik-ghana-gallery-3.jpg]
[kavaghana.com/portfolio/alliance-motors-ghana-website-development.html]
[kavaghana.com/uploads/portfolio/galleries/alliance/alliance-motors-ghana-gallery-2.jpg]
[kavaghana.com/uploads/portfolio/cover/alliance-website-cover.png]
[kavaghana.com/uploads/portfolio/cover/dba-work-cover.png]
[kavaghana.com/uploads/portfolio/galleries/alliance/alliance-motors-ghana-gallery-1.jpg]
[kavaghana.com/uploads/portfolio/galleries/dba/dba-gallery-1.jpg]
[kavaghana.com/portfolio/dba-oil-and-gas-services-provider-website.html]
[kavaghana.com/uploads/portfolio/galleries/dba/dba-gallery-2.jpg]
[kavaghana.com/portfolio/ministry-branding-for-a-startup-church.html]
[kavaghana.com/uploads/portfolio/galleries/dba/dba-gallery-3.jpg]
[kavaghana.com/uploads/portfolio/cover/krystal-klean-masters-website-cover-min.png]
[kavaghana.com/uploads/portfolio/cover/dholmi-branding-cover-min.png]
[kavaghana.com/portfolio/website-for-an-sme.html]
[kavaghana.com/uploads/portfolio/galleries/krystalklean/krystalkleanghana-gallery-1.jpg]
[kavaghana.com/uploads/portfolio/galleries/krystalklean/krystalkleanghana-gallery-2.jpg]
[kavaghana.com/uploads/portfolio/cover/ostecit-work-cover.png]
[kavaghana.com/uploads/portfolio/galleries/ostecit/ostecit-gallery-1.jpg]
[kavaghana.com/uploads/portfolio/galleries/ostecit/ostecit-gallery-2.jpg]
[kavaghana.com/portfolio/corporate-website-for-an-it-firm.html]
[kavaghana.com/portfolio/identity-design-for-a-clothing-startup.html]
[kavaghana.com/uploads/portfolio/galleries/sarfora/sarfora-ghana-gallery-2.jpg]
[kavaghana.com/uploads/portfolio/cover/sarfora-work-cover.png]
[kavaghana.com/uploads/portfolio/galleries/ostecit/ostecit-gallery-3.jpg]
[kavaghana.com/uploads/portfolio/galleries/sarfora/sarfora-ghana-gallery-1.jpg]
[kavaghana.com/uploads/portfolio/cover/ultranet-cover-min.png]
[kavaghana.com/uploads/portfolio/galleries/ultranet/ultranetgh-website-gallery-1.jpg]
[kavaghana.com/uploads/portfolio/galleries/ultranet/ultranetgh-website-gallery-2.jpg]
[kavaghana.com/portfolio/ultraneth-website-design.html]
[kavaghana.com/uploads/portfolio/galleries/ultranet/ultranetgh-website-gallery-3.jpg]
[kavaghana.com/uploads/portfolio/cover/yafking-website-cover-min.png]
[kavaghana.com/uploads/portfolio/galleries/yafking/yafkinglogistics-website-gallery-1.jpg]
[kavaghana.com/portfolio/yafking-website-design.html]
[kavaghana.com/uploads/portfolio/galleries/yafking/yafkinglogistics-website-gallery-2.jpg]
[kavaghana.com/uploads/portfolio/galleries/yafking/yafkinglogistics-website-gallery-3.jpg]
[kavaghana.com/portfolio/cua-ghana-website-design.html]
[kavaghana.com/uploads/portfolio/galleries/cua/cua-ghana-gallery-1.jpg]
[kavaghana.com/work-with-us.html]
[kavaghana.com/uploads/portfolio/galleries/cua/cua-ghana-gallery-2.jpg]
[kavaghana.com/uploads/portfolio/cover/cua-ghana-cover.png]
[kavaghana.com/uploads/ba/before/ultranetgh-before-website-redesign-min.jpg]
[kavaghana.com/uploads/team/sey-director-creatives-development.png]
[kavaghana.com/uploads/page-banners/website-design-banner-min.jpg]
[kavaghana.com/automobile-website-design]
[kavaghana.com/uploads/page-banners/branding-graphic-design-banner-min.jpg]
[kavaghana.com/construction-website-design.html]
[kavaghana.com/uploads/industries/details/construction-website-min.png]
[kavaghana.com/consultancy-website-design.html]
[kavaghana.com/distribution-website-design.html]
[kavaghana.com/uploads/industries/details/distribution-website-min.png]
[kavaghana.com/uploads/industries/details/consultancy-website-min.png]
[kavaghana.com/banking-finance-website-design.html]
[kavaghana.com/uploads/industries/details/financial-website-min.png]
[kavaghana.com/mining-website-design.html]
[kavaghana.com/uploads/industries/details/mining-website-min.png]
[kavaghana.com/non-profit-organization-website-design.html]
[kavaghana.com/technology-services-website-design.html]
[kavaghana.com/uploads/industries/details/non-profit-website-min.png]
[kavaghana.com/uploads/industries/details/technology-services-website-min.png]
[kavaghana.com/agriculture-website-design.html]
[kavaghana.com/professional-services-website-design.html]
[kavaghana.com/uploads/industries/details/agric-industry-website-min.png]
[kavaghana.com/government-website-design.html]
[kavaghana.com/blog/google-makes-mobile-search-experience-a-priority.html]
[kavaghana.com/blog/business-website-company.html]
[kavaghana.com/blog/top-website-design-sites-in-ghana.html]
[kavaghana.com/blog/kava-is-proud-to-announce-its-new-website-design-launch.html]
[kavaghana.com/blog/ghana-website-security.html]
[kavaghana.com/blog/user-friendly-urls-and-serp.html]
[kavaghana.com/uploads/industries/details/gov-industry-website-min.png]
[kavaghana.com/blog/the-kava-rebrand-story]
[kavaghana.com/uploads/blog/2018/kava-rebrand-min.jpg]
[kavaghana.com/uploads/portfolio/galleries/desimone/desimone-gallery-2.jpg]
[kavaghana.com/blog/website-design-companies-in-ghana]
[kavaghana.com/blog/cost-of-website-design-in-ghana-updated-2019]
[kavaghana.com/uploads/svgs/ui/icon-k-prev.svg]
[kavaghana.com/uploads/blog/2018/webdesign-companies-ghana-theft-min.jpg]
[kavaghana.com/uploads/blog/2018/cost-of-webdesign-min.jpg]
[kavaghana.com/uploads/case-studies/screens/vodacom/vodacom-website-1-min.jpg]
[kavaghana.com/uploads/portfolio/galleries/alliance/alliance-motors-ghana-gallery-3.jpg]
[kavaghana.com/automobile-website-design]
[kavaghana.com/uploads/industries/details/automotive-website-min.png]
